HI-TECH Software C Compiler 

Linker command line:

--edf=C:\Program Files (x86)\HI-TECH Software\PICC\9.83\dat\en_msgs.txt -cs \
  -h+Power_Meter.sym -z -Q16F1827 -ol.obj -MPower_Meter.map -E1 \
  -ACONST=00h-0FFhx16 -ACODE=00h-07FFhx2 -ASTRCODE=00h-0FFFh \
  -AENTRY=00h-0FFhx16 -ASTRING=00h-0FFhx16 -ABANK0=020h-06Fh \
  -ABANK1=0A0h-0EFh -ABANK2=0120h-016Fh -ABANK3=01A0h-01EFh \
  -ABANK4=0220h-024Fh -ABIGRAM=02000h-0216Fh \
  -ARAM=020h-06Fh,0A0h-0EFh,0120h-016Fh,01A0h-01EFh,0220h-024Fh \
  -AABS1=020h-07Fh,0A0h-0EFh,0120h-016Fh,01A0h-01EFh,0220h-024Fh \
  -ACOMMON=070h-07Fh -ASFR0=00h-01Fh -ASFR1=080h-09Fh -ASFR2=0100h-011Fh \
  -ASFR3=0180h-019Fh -ASFR4=0200h-021Fh -ASFR5=0280h-02EFh \
  -ASFR6=0300h-036Fh -ASFR7=0380h-03EFh -ASFR8=0400h-046Fh \
  -ASFR9=0480h-04EFh -ASFR10=0500h-056Fh -ASFR11=0580h-05EFh \
  -ASFR12=0600h-066Fh -ASFR13=0680h-06EFh -ASFR14=0700h-076Fh \
  -ASFR15=0780h-07EFh -ASFR16=0800h-086Fh -ASFR17=0880h-08EFh \
  -ASFR18=0900h-096Fh -ASFR19=0980h-09EFh -ASFR20=0A00h-0A6Fh \
  -ASFR21=0A80h-0AEFh -ASFR22=0B00h-0B6Fh -ASFR23=0B80h-0BEFh \
  -ASFR24=0C00h-0C6Fh -ASFR25=0C80h-0CEFh -ASFR26=0D00h-0D6Fh \
  -ASFR27=0D80h-0DEFh -ASFR28=0E00h-0E6Fh -ASFR29=0E80h-0EEFh \
  -ASFR30=0F00h-0F6Fh -ASFR31=0F80h-0FEFh \
  -preset_vec=00h,intentry=04h,init,end_init -ppowerup=CODE -pfunctab=CODE \
  -ACONFIG=08007h-08008h -pconfig=CONFIG -DCONFIG=2 -AIDLOC=08000h-08003h \
  -pidloc=IDLOC -DIDLOC=2 -AEEDATA=00h-0FFh/0F000h -peeprom_data=EEDATA \
  -DEEDATA=2 -DCODE=2 -DSTRCODE=2 -DSTRING=2 -DCONST=2 -DENTRY=2 -k \
  startup.obj Power_Meter.obj 

Object code version is 3.10

Machine type is 16F1827



                Name                               Link     Load   Length Selector   Space Scale
startup.obj     end_init                             89       89        3        8       0
                reset_vec                             0        0        2        0       0
Power_Meter.obj intentry                              4        4       85        8       0
                config                             8007     8007        1    1000E       0
                text540                             FE0      FE0       20     1FC0       0
                text523                              8C       8C      76E        8       0
                cstackBANK0                          20       20       27       20       1
                cstackCOMMON                         76       76        6       70       1
                clrtext                             FD4      FD4        C     1FA8       0
                bssBANK2                            120      120       40      120       1
                bssBANK1                             A0       A0       40       A0       1
                bssBANK0                             47       47        C       20       1
                bssCOMMON                            70       70        6       70       1
                bitbssCOMMON                        3E0       7C        4       70       1     8

TOTAL           Name                               Link     Load   Length     Space
        CLASS   CONST          

        CLASS   CODE           
                end_init                             89       89        3         0
                intentry                              4        4       85         0
                reset_vec                             0        0        2         0
                text540                             FE0      FE0       20         0
                text523                              8C       8C      76E         0
                clrtext                             FD4      FD4        C         0

        CLASS   STRCODE        

        CLASS   ENTRY          

        CLASS   STRING         

        CLASS   BANK0          
                cstackBANK0                          20       20       27         1
                bssBANK0                             47       47        C         1

        CLASS   BANK1          
                bssBANK1                             A0       A0       40         1

        CLASS   BANK2          
                bssBANK2                            120      120       40         1

        CLASS   BANK3          

        CLASS   BANK4          

        CLASS   BIGRAM         

        CLASS   RAM            

        CLASS   ABS1           
                abs_s1                               7E       7E        2         1
                abs_s1                              1BE      1BE       32         1
                abs_s1                              220      220       30         1

        CLASS   COMMON         
                cstackCOMMON                         76       76        6         1
                bssCOMMON                            70       70        6         1
                bitbssCOMMON                        3E0       7C        4         1

        CLASS   SFR0           

        CLASS   SFR1           

        CLASS   SFR2           

        CLASS   SFR3           

        CLASS   SFR4           

        CLASS   SFR5           

        CLASS   SFR6           

        CLASS   SFR7           

        CLASS   SFR8           

        CLASS   SFR9           

        CLASS   SFR10          

        CLASS   SFR11          

        CLASS   SFR12          

        CLASS   SFR13          

        CLASS   SFR14          

        CLASS   SFR15          

        CLASS   SFR16          

        CLASS   SFR17          

        CLASS   SFR18          

        CLASS   SFR19          

        CLASS   SFR20          

        CLASS   SFR21          

        CLASS   SFR22          

        CLASS   SFR23          

        CLASS   SFR24          

        CLASS   SFR25          

        CLASS   SFR26          

        CLASS   SFR27          

        CLASS   SFR28          

        CLASS   SFR29          

        CLASS   SFR30          

        CLASS   SFR31          

        CLASS   CONFIG         
                config                             8007     8007        1         0

        CLASS   IDLOC          

        CLASS   EEDATA         

        CLASS   BANK31         

        CLASS   BANK30         

        CLASS   BANK29         

        CLASS   BANK28         

        CLASS   BANK27         

        CLASS   BANK26         

        CLASS   BANK25         

        CLASS   BANK24         

        CLASS   BANK23         

        CLASS   BANK22         

        CLASS   BANK21         

        CLASS   BANK20         

        CLASS   BANK19         

        CLASS   BANK18         

        CLASS   BANK17         

        CLASS   BANK16         

        CLASS   BANK15         

        CLASS   BANK14         

        CLASS   BANK13         

        CLASS   BANK12         

        CLASS   BANK11         

        CLASS   BANK10         

        CLASS   BANK9          

        CLASS   BANK8          

        CLASS   BANK7          

        CLASS   BANK6          

        CLASS   BANK5          



SEGMENTS        Name                           Load    Length   Top    Selector   Space  Class     Delta

                reset_vec                      000000  000002  000002         0       0  CODE        2
                intentry                       000004  0007F6  0007FA         8       0  CODE        2
                cstackBANK0                    000020  000033  000053        20       1  BANK0       1
                bssCOMMON                      000070  00000D  00007D        70       1  COMMON      1
                bssBANK1                       0000A0  000040  0000E0        A0       1  BANK1       1
                bssBANK2                       000120  000040  000160       120       1  BANK2       1
                clrtext                        000FD4  00000C  000FE0      1FA8       0  CODE        2
                text540                        000FE0  000020  001000      1FC0       0  CODE        2
                config                         008007  000001  008008     1000E       0  CONFIG      2


UNUSED ADDRESS RANGES

        Name                Unused          Largest block    Delta
        BANK0            00053-0006F              1D           1
        BANK1            000E0-000EF              10           1
        BANK2            00160-0016F              10           1
        BANK3            001A0-001BD              1E           1
        BIGRAM           02000-0216F             170           1
        CODE             00002-00003               2           2
                         007FA-00FD3               6
        COMMON           0007D-0007D               1           1
        CONFIG           08008-08008               1           2
        CONST            00002-00003               2           2
                         007FA-00FD3             100
        EEDATA           0F000-0F0FF             100           2
        ENTRY            00002-00003               2           2
                         007FA-00FD3             100
        IDLOC            08000-08003               4           2
        RAM              00053-0006F              1D           1
                         000E0-000EF              10
                         00160-0016F              10
                         001A0-001BD              1E
        SFR0             00000-0001F              20           1
        SFR1             00080-0009F              20           1
        SFR10            00500-0056F              70           1
        SFR11            00580-005EF              70           1
        SFR12            00600-0066F              70           1
        SFR13            00680-006EF              70           1
        SFR14            00700-0076F              70           1
        SFR15            00780-007EF              70           1
        SFR16            00800-0086F              70           1
        SFR17            00880-008EF              70           1
        SFR18            00900-0096F              70           1
        SFR19            00980-009EF              70           1
        SFR2             00100-0011F              20           1
        SFR20            00A00-00A6F              70           1
        SFR21            00A80-00AEF              70           1
        SFR22            00B00-00B6F              70           1
        SFR23            00B80-00BEF              70           1
        SFR24            00C00-00C6F              70           1
        SFR25            00C80-00CEF              70           1
        SFR26            00D00-00D6F              70           1
        SFR27            00D80-00DEF              70           1
        SFR28            00E00-00E6F              70           1
        SFR29            00E80-00EEF              70           1
        SFR3             00180-0019F              20           1
        SFR30            00F00-00F6F              70           1
        SFR31            00F80-00FEF              70           1
        SFR4             00200-0021F              20           1
        SFR5             00280-002EF              70           1
        SFR6             00300-0036F              70           1
        SFR7             00380-003EF              70           1
        SFR8             00400-0046F              70           1
        SFR9             00480-004EF              70           1
        STRCODE          00002-00003               2           2
                         007FA-00FD3             7DA
        STRING           00002-00003               2           2
                         007FA-00FD3             100

                                  Symbol Table

??_AD7758_CS                cstackBANK0  00029
??_AD7758_GetData           cstackBANK0  00028
??_AD7758_SendData          cstackBANK0  00028
??_AD7758_check_init        cstackBANK0  0002A
??_AD7758_init              cstackBANK0  0002A
??_Delay                    cstackBANK0  00024
??_Initialize               cstackBANK0  00020
??_ModbusCalcCRC            cstackBANK0  00023
??_SPI_Init                 cstackBANK0  00020
??_Sample_ADE7758           cstackBANK0  0002A
??___bmul                   cstackBANK0  00021
??___lldiv                  cstackBANK0  00028
??___lmul                   cstackBANK0  00028
??___lwmod                  cstackCOMMON 0007A
??_isr                      cstackCOMMON 0007B
??_main                     cstackBANK0  00047
??_modbus_init              cstackBANK0  00020
??_modbus_main              cstackBANK0  00043
??_rs485_send_data          cstackBANK0  00020
??_sendHAHA                 cstackBANK0  0002D
??_spiSendByte              cstackBANK0  00020
?_AD7758_CS                 cstackBANK0  00028
?_AD7758_GetData            cstackBANK0  00026
?_AD7758_SendData           cstackBANK0  00026
?_AD7758_check_init         cstackCOMMON 00076
?_AD7758_init               cstackCOMMON 00076
?_Delay                     cstackBANK0  00020
?_Initialize                cstackCOMMON 00076
?_ModbusCalcCRC             cstackBANK0  00020
?_SPI_Init                  cstackCOMMON 00076
?_Sample_ADE7758            cstackCOMMON 00076
?___bmul                    cstackBANK0  00020
?___lldiv                   cstackBANK0  00020
?___lmul                    cstackBANK0  00020
?___lwmod                   cstackCOMMON 00076
?_isr                       cstackCOMMON 00076
?_main                      cstackCOMMON 00076
?_modbus_init               cstackCOMMON 00076
?_modbus_main               cstackCOMMON 00076
?_rs485_send_data           cstackCOMMON 00076
?_sendHAHA                  cstackCOMMON 00076
?_spiSendByte               cstackCOMMON 00076
AD7758_CS@chip              cstackBANK0  00029
AD7758_CS@enable            cstackBANK0  00028
AD7758_GetData@addr         cstackBANK0  00028
AD7758_GetData@chip         cstackBANK0  00027
AD7758_GetData@i            cstackBANK0  00029
AD7758_GetData@num          cstackBANK0  00026
AD7758_SendData@addr        cstackBANK0  00028
AD7758_SendData@chip        cstackBANK0  00027
AD7758_SendData@i           cstackBANK0  00029
AD7758_SendData@num         cstackBANK0  00026
AD7758_check_init@chip      cstackBANK0  0002B
AD7758_check_init@ret       cstackBANK0  0002A
AD7758_init@chip            cstackBANK0  0002A
Delay@delay_count           cstackBANK0  00024
Delay@delay_count_max       cstackBANK0  00020
ModbusCalcCRC@CntByte       cstackBANK0  00024
ModbusCalcCRC@Frame         cstackBANK0  00020
ModbusCalcCRC@LenFrame      cstackBANK0  00022
ModbusCalcCRC@bitVal        cstackBANK0  00023
ModbusCalcCRC@j             cstackBANK0  00025
Sample_ADE7758@chip         cstackBANK0  00040
Sample_ADE7758@sum          cstackBANK0  0003E
_AD7758_CS                  text523      00409
_AD7758_GetData             text523      0033D
_AD7758_SendData            text523      003CF
_AD7758_check_init          text523      00553
_AD7758_init                text523      003A8
_ADCON1                     (abs)        0009E
_ADE7758Data                (abs)        0210E
_ANSELA                     (abs)        0018C
_ANSELB                     (abs)        0018D
_AbnorProcFlag              bitbssCOMMON 003E0
_BRG16                      (abs)        00CFB
_BRGH                       (abs)        00CF2
_CRC                        bssBANK0     0004D
_CREN                       (abs)        00CEC
_Delay                      text523      004E1
_FERR                       (abs)        00CEA
_FreqPhase                  bssBANK0     0004F
_GIE                        (abs)        0005F
_HFIOFR                     (abs)        004D4
_Initialize                 text523      004FD
_ModbusCalcCRC              text523      005BB
_OERR                       (abs)        00CE9
_OPTION_REG                 (abs)        00095
_OSCCON                     (abs)        00099
_PEIE                       (abs)        0005E
_PORTA                      (abs)        0000C
_RA7                        (abs)        00067
_RB0                        (abs)        00068
_RB3                        (abs)        0006B
_RCIE                       (abs)        0048D
_RCIF                       (abs)        0008D
_RCREG                      (abs)        00199
_RX9                        (abs)        00CEE
_RXDTSEL                    (abs)        008EF
_ReadData                   bssBANK0     00047
_SCKP                       (abs)        00CFC
_SDO1SEL                    (abs)        008EE
_SPBRGH                     (abs)        0019C
_SPBRGL                     (abs)        0019B
_SPEN                       (abs)        00CEF
_SPI_Init                   text523      00420
_SSP1ADD                    (abs)        00212
_SSP1CON1bits               (abs)        00215
_SSP1IF                     (abs)        0008B
_SSP2CON1bits               (abs)        0021D
_SSP2STATbits               (abs)        0021C
_SSPBUF                     (abs)        00211
_SYNC                       (abs)        00CF4
_Sample_ADE7758             text523      0008C
_Sample_flag                bitbssCOMMON 003E1
_SendData                   bssBANK0     0004A
_T1CONbits                  (abs)        00018
_TMR0                       (abs)        00015
_TMR0IE                     (abs)        0005D
_TMR0IF                     (abs)        0005A
_TMR1GE                     (abs)        000CF
_TMR1H                      (abs)        00017
_TMR1IE                     (abs)        00488
_TMR1IF                     (abs)        00088
_TMR1L                      (abs)        00016
_TMR1ON                     (abs)        000C0
_TRISA0                     (abs)        00460
_TRISA1                     (abs)        00461
_TRISA2                     (abs)        00462
_TRISA3                     (abs)        00463
_TRISA4                     (abs)        00464
_TRISA6                     (abs)        00466
_TRISA7                     (abs)        00467
_TRISB0                     (abs)        00468
_TRISB1                     (abs)        00469
_TRISB2                     (abs)        0046A
_TRISB3                     (abs)        0046B
_TRISB4                     (abs)        0046C
_TRISB5                     (abs)        0046D
_TRISB6                     (abs)        0046E
_TRISB7                     (abs)        0046F
_TRMT                       (abs)        00CF1
_TX9                        (abs)        00CF6
_TXCKSEL                    (abs)        008F0
_TXEN                       (abs)        00CF5
_TXIE                       (abs)        0048C
_TXIF                       (abs)        0008C
_TXREG                      (abs)        0019A
_WDTCONbits                 (abs)        00097
_WPUB                       (abs)        0020D
__Habs1                     abs1         00000
__Hbank0                    bank0        00000
__Hbank1                    bank1        00000
__Hbank10                   bank10       00000
__Hbank11                   bank11       00000
__Hbank12                   bank12       00000
__Hbank13                   bank13       00000
__Hbank14                   bank14       00000
__Hbank15                   bank15       00000
__Hbank16                   bank16       00000
__Hbank17                   bank17       00000
__Hbank18                   bank18       00000
__Hbank19                   bank19       00000
__Hbank2                    bank2        00000
__Hbank20                   bank20       00000
__Hbank21                   bank21       00000
__Hbank22                   bank22       00000
__Hbank23                   bank23       00000
__Hbank24                   bank24       00000
__Hbank25                   bank25       00000
__Hbank26                   bank26       00000
__Hbank27                   bank27       00000
__Hbank28                   bank28       00000
__Hbank29                   bank29       00000
__Hbank3                    bank3        00000
__Hbank30                   bank30       00000
__Hbank31                   bank31       00000
__Hbank4                    bank4        00000
__Hbank5                    bank5        00000
__Hbank6                    bank6        00000
__Hbank7                    bank7        00000
__Hbank8                    bank8        00000
__Hbank9                    bank9        00000
__Hbigram                   bigram       00000
__HbitbssCOMMON             bitbssCOMMON 00000
__HbssBANK0                 bssBANK0     00000
__HbssBANK1                 bssBANK1     00000
__HbssBANK2                 bssBANK2     00000
__HbssCOMMON                bssCOMMON    00000
__Hcinit                    cinit        00000
__Hclrtext                  clrtext      00000
__Hcode                     code         00000
__Hcommon                   common       00000
__Hconfig                   config       08008
__HcstackBANK0              cstackBANK0  00000
__HcstackCOMMON             cstackCOMMON 00000
__Heeprom_data              eeprom_data  00000
__Hend_init                 end_init     0008C
__Hfunctab                  functab      00000
__Hidloc                    idloc        00000
__Hinit                     init         00089
__Hintentry                 intentry     00089
__Hmaintext                 maintext     00000
__Hpa_nodes                 pa_nodes     00000
__Hpowerup                  powerup      00000
__Hram                      ram          00000
__Hreset_vec                reset_vec    00002
__Hsfr0                     sfr0         00000
__Hsfr1                     sfr1         00000
__Hsfr10                    sfr10        00000
__Hsfr11                    sfr11        00000
__Hsfr12                    sfr12        00000
__Hsfr13                    sfr13        00000
__Hsfr14                    sfr14        00000
__Hsfr15                    sfr15        00000
__Hsfr16                    sfr16        00000
__Hsfr17                    sfr17        00000
__Hsfr18                    sfr18        00000
__Hsfr19                    sfr19        00000
__Hsfr2                     sfr2         00000
__Hsfr20                    sfr20        00000
__Hsfr21                    sfr21        00000
__Hsfr22                    sfr22        00000
__Hsfr23                    sfr23        00000
__Hsfr24                    sfr24        00000
__Hsfr25                    sfr25        00000
__Hsfr26                    sfr26        00000
__Hsfr27                    sfr27        00000
__Hsfr28                    sfr28        00000
__Hsfr29                    sfr29        00000
__Hsfr3                     sfr3         00000
__Hsfr30                    sfr30        00000
__Hsfr31                    sfr31        00000
__Hsfr4                     sfr4         00000
__Hsfr5                     sfr5         00000
__Hsfr6                     sfr6         00000
__Hsfr7                     sfr7         00000
__Hsfr8                     sfr8         00000
__Hsfr9                     sfr9         00000
__Hstrings                  strings      00000
__Htext                     text         00000
__Labs1                     abs1         00000
__Lbank0                    bank0        00000
__Lbank1                    bank1        00000
__Lbank10                   bank10       00000
__Lbank11                   bank11       00000
__Lbank12                   bank12       00000
__Lbank13                   bank13       00000
__Lbank14                   bank14       00000
__Lbank15                   bank15       00000
__Lbank16                   bank16       00000
__Lbank17                   bank17       00000
__Lbank18                   bank18       00000
__Lbank19                   bank19       00000
__Lbank2                    bank2        00000
__Lbank20                   bank20       00000
__Lbank21                   bank21       00000
__Lbank22                   bank22       00000
__Lbank23                   bank23       00000
__Lbank24                   bank24       00000
__Lbank25                   bank25       00000
__Lbank26                   bank26       00000
__Lbank27                   bank27       00000
__Lbank28                   bank28       00000
__Lbank29                   bank29       00000
__Lbank3                    bank3        00000
__Lbank30                   bank30       00000
__Lbank31                   bank31       00000
__Lbank4                    bank4        00000
__Lbank5                    bank5        00000
__Lbank6                    bank6        00000
__Lbank7                    bank7        00000
__Lbank8                    bank8        00000
__Lbank9                    bank9        00000
__Lbigram                   bigram       00000
__LbitbssCOMMON             bitbssCOMMON 00000
__LbssBANK0                 bssBANK0     00000
__LbssBANK1                 bssBANK1     00000
__LbssBANK2                 bssBANK2     00000
__LbssCOMMON                bssCOMMON    00000
__Lcinit                    cinit        00000
__Lclrtext                  clrtext      00000
__Lcode                     code         00000
__Lcommon                   common       00000
__Lconfig                   config       08007
__LcstackBANK0              cstackBANK0  00000
__LcstackCOMMON             cstackCOMMON 00000
__Leeprom_data              eeprom_data  00000
__Lend_init                 end_init     00089
__Lfunctab                  functab      00000
__Lidloc                    idloc        00000
__Linit                     init         00089
__Lintentry                 intentry     00004
__Lmaintext                 maintext     00000
__Lpa_nodes                 pa_nodes     00000
__Lpowerup                  powerup      00000
__Lram                      ram          00000
__Lreset_vec                reset_vec    00000
__Lsfr0                     sfr0         00000
__Lsfr1                     sfr1         00000
__Lsfr10                    sfr10        00000
__Lsfr11                    sfr11        00000
__Lsfr12                    sfr12        00000
__Lsfr13                    sfr13        00000
__Lsfr14                    sfr14        00000
__Lsfr15                    sfr15        00000
__Lsfr16                    sfr16        00000
__Lsfr17                    sfr17        00000
__Lsfr18                    sfr18        00000
__Lsfr19                    sfr19        00000
__Lsfr2                     sfr2         00000
__Lsfr20                    sfr20        00000
__Lsfr21                    sfr21        00000
__Lsfr22                    sfr22        00000
__Lsfr23                    sfr23        00000
__Lsfr24                    sfr24        00000
__Lsfr25                    sfr25        00000
__Lsfr26                    sfr26        00000
__Lsfr27                    sfr27        00000
__Lsfr28                    sfr28        00000
__Lsfr29                    sfr29        00000
__Lsfr3                     sfr3         00000
__Lsfr30                    sfr30        00000
__Lsfr31                    sfr31        00000
__Lsfr4                     sfr4         00000
__Lsfr5                     sfr5         00000
__Lsfr6                     sfr6         00000
__Lsfr7                     sfr7         00000
__Lsfr8                     sfr8         00000
__Lsfr9                     sfr9         00000
__Lstrings                  strings      00000
__Ltext                     text         00000
__S0                        (abs)        08008
__S1                        (abs)        00160
__S2                        (abs)        00000
___bmul                     text523      00331
___bmul@multiplicand        cstackBANK0  00020
___bmul@multiplier          cstackBANK0  00022
___bmul@product             cstackBANK0  00021
___lldiv                    text523      006D9
___lldiv@counter            cstackBANK0  0002C
___lldiv@dividend           cstackBANK0  00024
___lldiv@divisor            cstackBANK0  00020
___lldiv@quotient           cstackBANK0  00028
___lmul                     text523      00718
___lmul@multiplicand        cstackBANK0  00024
___lmul@multiplier          cstackBANK0  00020
___lmul@product             cstackBANK0  00028
___lwmod                    text540      00FE0
___lwmod@counter            cstackCOMMON 0007A
___lwmod@dividend           cstackCOMMON 00078
___lwmod@divisor            cstackCOMMON 00076
__end_of_AD7758_CS          text523      00420
__end_of_AD7758_GetData     text523      0034F
__end_of_AD7758_SendData    text523      003E1
__end_of_AD7758_check_init  text523      00575
__end_of_AD7758_init        text523      003CF
__end_of_Delay              text523      004FD
__end_of_Initialize         text523      00553
__end_of_ModbusCalcCRC      text523      005E0
__end_of_SPI_Init           text523      00430
__end_of_Sample_ADE7758     text523      00331
__end_of___bmul             text523      0033D
__end_of___lldiv            text523      00718
__end_of___lmul             text523      0073D
__end_of___lwmod            text540      01000
__end_of_isr                intentry     00089
__end_of_main               text523      003A8
__end_of_modbus_init        text523      0043A
__end_of_modbus_main        text523      005BB
__end_of_rs485_send_data    text523      00743
__end_of_sendHAHA           text523      006D9
__end_of_spiSendByte        text523      00409
__pbitbssCOMMON             bitbssCOMMON 003E0
__pbssBANK0                 bssBANK0     00047
__pbssBANK1                 bssBANK1     000A0
__pbssBANK2                 bssBANK2     00120
__pbssBIGRAM                (abs)        0210E
__pbssCOMMON                bssCOMMON    00070
__pcstackBANK0              cstackBANK0  00020
__pcstackCOMMON             cstackCOMMON 00076
__pintentry                 intentry     00004
__pmaintext                 text523      00384
__ptext521                  text523      00575
__ptext522                  text523      00553
__ptext523                  text523      0008C
__ptext524                  text523      003A8
__ptext525                  text523      005E0
__ptext526                  text523      003CF
__ptext527                  text523      0033D
__ptext528                  text523      00409
__ptext529                  text523      006D9
__ptext530                  text523      00718
__ptext531                  text523      00331
__ptext532                  text523      005BB
__ptext533                  text523      0073D
__ptext534                  text523      00430
__ptext535                  text523      004FD
__ptext536                  text523      00420
__ptext537                  text523      003E1
__ptext538                  text523      004E1
__ptext540                  text540      00FE0
__ptext541                  text541      00000
__size_of_AD7758_CS         (abs)        00000
__size_of_AD7758_GetData    (abs)        00000
__size_of_AD7758_SendData   (abs)        00000
__size_of_AD7758_check_init (abs)        00000
__size_of_AD7758_init       (abs)        00000
__size_of_Delay             (abs)        00000
__size_of_Initialize        (abs)        00000
__size_of_ModbusCalcCRC     (abs)        00000
__size_of_SPI_Init          (abs)        00000
__size_of_Sample_ADE7758    (abs)        00000
__size_of___bmul            (abs)        00000
__size_of___lldiv           (abs)        00000
__size_of___lmul            (abs)        00000
__size_of___lwmod           (abs)        00000
__size_of_isr               (abs)        00000
__size_of_main              (abs)        00000
__size_of_modbus_init       (abs)        00000
__size_of_modbus_main       (abs)        00000
__size_of_rs485_send_data   (abs)        00000
__size_of_sendHAHA          (abs)        00000
__size_of_spiSendByte       (abs)        00000
_address                    bssBANK0     00051
_exit                       init         00089
_gs50msCnt                  bssCOMMON    00070
_isr                        intentry     00004
_main                       text523      00384
_modbus_init                text523      00430
_modbus_main                text523      00575
_rs485_send_data            text523      0073D
_rx_data                    bssBANK2     00120
_rx_data_counter            bssCOMMON    00072
_rx_data_flag               bitbssCOMMON 003E2
_rx_timeout                 bssCOMMON    00073
_sendHAHA                   text523      005E0
_spiSendByte                text523      003E1
_tx_data                    bssBANK1     000A0
_tx_data_index              bssCOMMON    00074
_tx_data_num                bssCOMMON    00075
_tx_timeout_flag            bitbssCOMMON 003E3
btemp                       (abs)        0007E
clear_ram                   clrtext      00FD4
end_of_initialization       text523      00382
i1l7297                                       
i1l9538                                       
i1l9542                                       
i1l9550                                       
i1l9556                                       
i1l9562                                       
i1l9564                                       
i1l9566                                       
i1l9584                                       
i1l9586                                       
i1l9590                                       
i1l9592                                       
i1l9594                                       
i1l9598                                       
i1l9604                                       
i1l9608                                       
i1l9686                                       
i1l9700                                       
intlevel0                   functab      00000
intlevel1                   functab      00000
intlevel2                   functab      00000
intlevel3                   functab      00000
intlevel4                   functab      00000
intlevel5                   functab      00000
isr@data                    cstackCOMMON 0007B
l10396                                        
l10398                                        
l10400                                        
l10410                                        
l10414                                        
l10416                                        
l10418                                        
l10420                                        
l10422                                        
l10424                                        
l10426                                        
l10428                                        
l10430                                        
l10432                                        
l10436                                        
l10438                                        
l10440                                        
l10442                                        
l10444                                        
l10446                                        
l10448                                        
l10450                                        
l10452                                        
l10454                                        
l10456                                        
l10458                                        
l10460                                        
l10462                                        
l10464                                        
l10466                                        
l10468                                        
l10470                                        
l10472                                        
l10474                                        
l10476                                        
l10478                                        
l10480                                        
l10482                                        
l10484                                        
l10486                                        
l10488                                        
l10490                                        
l10492                                        
l10494                                        
l10496                                        
l10498                                        
l10500                                        
l10502                                        
l10504                                        
l10506                                        
l10508                                        
l10510                                        
l10512                                        
l10514                                        
l10516                                        
l10518                                        
l10520                                        
l10522                                        
l10524                                        
l10526                                        
l10528                                        
l10530                                        
l10532                                        
l10534                                        
l10536                                        
l10538                                        
l10540                                        
l10542                                        
l10544                                        
l10546                                        
l10548                                        
l10552                                        
l10560                                        
l10562                                        
l10568                                        
l10574                                        
l10580                                        
l10582                                        
l10592                                        
l10596                                        
l10600                                        
l10606                                        
l10608                                        
l10610                                        
l10618                                        
l10620                                        
l10624                                        
l10628                                        
l10630                                        
l10634                                        
l10638                                        
l10640                                        
l10642                                        
l10644                                        
l10646                                        
l10648                                        
l10650                                        
l10652                                        
l10654                                        
l10656                                        
l10658                                        
l10660                                        
l10662                                        
l10664                                        
l10666                                        
l10668                                        
l10670                                        
l10672                                        
l10674                                        
l10676                                        
l10678                                        
l10680                                        
l10682                                        
l10684                                        
l10686                                        
l10688                                        
l10690                                        
l10692                                        
l10694                                        
l10696                                        
l10698                                        
l10700                                        
l10702                                        
l10704                                        
l10706                                        
l10708                                        
l10710                                        
l10712                                        
l10714                                        
l10716                                        
l10718                                        
l10720                                        
l10722                                        
l10724                                        
l10726                                        
l10728                                        
l10730                                        
l10732                                        
l10734                                        
l10736                                        
l10738                                        
l10740                                        
l10742                                        
l10744                                        
l10746                                        
l10748                                        
l10750                                        
l10752                                        
l10754                                        
l10756                                        
l10758                                        
l10760                                        
l10762                                        
l10764                                        
l10766                                        
l10768                                        
l10770                                        
l10772                                        
l10774                                        
l10776                                        
l10778                                        
l10780                                        
l10782                                        
l10784                                        
l10786                                        
l10788                                        
l10790                                        
l10792                                        
l10794                                        
l10796                                        
l10798                                        
l10800                                        
l10802                                        
l10804                                        
l10806                                        
l10808                                        
l10810                                        
l10812                                        
l10814                                        
l10816                                        
l10818                                        
l10820                                        
l10822                                        
l10824                                        
l10826                                        
l10828                                        
l10830                                        
l10832                                        
l10834                                        
l10836                                        
l10838                                        
l10840                                        
l10842                                        
l10844                                        
l10846                                        
l10848                                        
l10850                                        
l10852                                        
l10854                                        
l10856                                        
l10858                                        
l10860                                        
l10862                                        
l10864                                        
l10866                                        
l10868                                        
l10870                                        
l10872                                        
l10874                                        
l10876                                        
l10878                                        
l10880                                        
l10882                                        
l10884                                        
l10886                                        
l10888                                        
l10890                                        
l10892                                        
l10894                                        
l10896                                        
l10898                                        
l10900                                        
l10902                                        
l10904                                        
l10906                                        
l10908                                        
l10910                                        
l10912                                        
l10914                                        
l10916                                        
l10918                                        
l10920                                        
l10922                                        
l10924                                        
l10926                                        
l10928                                        
l10930                                        
l10932                                        
l10934                                        
l10936                                        
l10938                                        
l10940                                        
l10942                                        
l10944                                        
l10946                                        
l10948                                        
l10950                                        
l10952                                        
l10954                                        
l10956                                        
l10958                                        
l10960                                        
l10966                                        
l10968                                        
l10970                                        
l10976                                        
l10978                                        
l10984                                        
l10990                                        
l10992                                        
l10994                                        
l10998                                        
l11004                                        
l11006                                        
l11008                                        
l11012                                        
l11018                                        
l11020                                        
l11022                                        
l11026                                        
l11028                                        
l11030                                        
l11032                                        
l11034                                        
l11038                                        
l11046                                        
l11050                                        
l11052                                        
l11060                                        
l11062                                        
l11072                                        
l11078                                        
l11080                                        
l11082                                        
l11084                                        
l11086                                        
l11094                                        
l11098                                        
l11102                                        
l11106                                        
l1450                                         
l1456                                         
l1462                                         
l1465                                         
l1479                                         
l1485                                         
l2954                                         
l2960                                         
l4448                                         
l4451                                         
l4460                                         
l4463                                         
l4474                                         
l5910                                         
l5921                                         
l7271                                         
l7352                                         
l7453                                         
l9626                                         
l9628                                         
l9632                                         
l9640                                         
l9642                                         
l9644                                         
l9648                                         
modbus@rx_timeout           bssBANK0     00052
modbus_main@CRC_Temp        cstackBANK0  00043
modbus_main@REG_Temp        cstackBANK0  00045
reset_vec                   reset_vec    00000
sendHAHA@cal_temp           cstackBANK0  0003F
sendHAHA@cal_temp1          cstackBANK0  00037
sendHAHA@cal_temp2          cstackBANK0  0003B
sendHAHA@cal_temp3          cstackBANK0  00031
sendHAHA@idx                cstackBANK0  00035
spiSendByte@cc              cstackBANK0  00021
spiSendByte@spi_data        cstackBANK0  00020
spiSendByte@spi_tmp         cstackBANK0  00025
start                       init         00089
start_initialization        text523      0034F
wtemp0                      (abs)        0007E
